================================================
   Disaster Party 0.5.0: tests/test-suite.log
================================================

# TOTAL: 25
# PASS:  19
# SKIP:  6
# XFAIL: 0
# FAIL:  0
# XPASS: 0
# ERROR: 0

System information (uname -a): Linux 5.10.218-android12-9-00062-ga900d8468ace-ab12946691 #1 SMP PREEMPT Tue Jan 21 13:46:20 UTC 2025 aarch64

.. contents:: :depth: 2

SKIP: test_gemini_multimodal_dp
===============================

SKIP: Image path not provided. Use /data/data/com.termux/files/home/disasterparty/tests/.libs/test_gemini_multimodal_dp [path] or set GEMINI_TEST_IMAGE_PATH
SKIP test_gemini_multimodal_dp (exit status: 77)

SKIP: test_anthropic_streaming_detailed_dp
==========================================

SKIP: Image path not provided. Use /data/data/com.termux/files/home/disasterparty/tests/.libs/test_anthropic_streaming_detailed_dp [path] or set ANTHROPIC_TEST_IMAGE_PATH
SKIP test_anthropic_streaming_detailed_dp (exit status: 77)

SKIP: test_anthropic_multimodal_dp
==================================

SKIP: Image path not provided. Use /data/data/com.termux/files/home/disasterparty/tests/.libs/test_anthropic_multimodal_dp [path] or set ANTHROPIC_TEST_IMAGE_PATH
SKIP test_anthropic_multimodal_dp (exit status: 77)

SKIP: test_anthropic_streaming_multimodal_dp
============================================

SKIP: Image path not provided. Use /data/data/com.termux/files/home/disasterparty/tests/.libs/test_anthropic_streaming_multimodal_dp [path] or set ANTHROPIC_TEST_IMAGE_PATH
SKIP test_anthropic_streaming_multimodal_dp (exit status: 77)

SKIP: test_anthropic_streaming_multimodal_detailed_dp
=====================================================

SKIP: Image path not provided. Use /data/data/com.termux/files/home/disasterparty/tests/.libs/test_anthropic_streaming_multimodal_detailed_dp [path] or set ANTHROPIC_TEST_IMAGE_PATH
SKIP test_anthropic_streaming_multimodal_detailed_dp (exit status: 77)

SKIP: test_inline_multimodal_dp
===============================

Running Inline Multimodal Context Test...
SKIP: Set TEST_IMAGE_PATH_1 and TEST_IMAGE_PATH_2 to run this test.
SKIP test_inline_multimodal_dp (exit status: 77)

